2026-07-29 14:35:03 | Calculating input MD5 checksums 
2026-07-29 14:35:16 | MD5 validation passed 
2026-07-29 14:35:17 | Starting Set A 
2026-07-29 14:35:17 | Building one-substitution diagnostic lookup for 57050 reference guides 
2026-07-29 14:35:23 | One-substitution lookup contains 3,422,003 unique sequences 
2026-07-29 14:35:49 | Set A: 5,000,000 reads; 11,506,745 reads/min 
2026-07-29 14:36:15 | Set A: 10,000,000 reads; 11,424,661 reads/min 
2026-07-29 14:36:45 | Set A: 15,000,000 reads; 10,912,087 reads/min 
2026-07-29 14:37:15 | Set A: 20,000,000 reads; 10,721,670 reads/min 
2026-07-29 14:37:43 | Set A: 25,000,000 reads; 10,684,035 reads/min 
2026-07-29 14:38:11 | Set A: 30,000,000 reads; 10,692,350 reads/min 
2026-07-29 14:38:41 | Set A: 35,000,000 reads; 10,599,150 reads/min 
2026-07-29 14:39:11 | Set A: 40,000,000 reads; 10,540,724 reads/min 
2026-07-29 14:39:40 | Set A: 45,000,000 reads; 10,516,114 reads/min 
2026-07-29 14:40:09 | Set A: 50,000,000 reads; 10,501,778 reads/min 
2026-07-29 14:40:37 | Set A: 55,000,000 reads; 10,517,675 reads/min 
2026-07-29 14:41:09 | Set A: 60,000,000 reads; 10,395,086 reads/min 
2026-07-29 14:41:38 | Set A: 65,000,000 reads; 10,412,453 reads/min 
2026-07-29 14:42:08 | Set A: 70,000,000 reads; 10,380,437 reads/min 
2026-07-29 14:42:44 | Set A: 75,000,000 reads; 10,209,195 reads/min 
2026-07-29 14:43:13 | Set A: 80,000,000 reads; 10,216,561 reads/min 
2026-07-29 14:43:45 | Set A: 85,000,000 reads; 10,167,590 reads/min 
2026-07-29 14:44:16 | Set A: 90,000,000 reads; 10,122,331 reads/min 
2026-07-29 14:44:43 | Set A: 95,000,000 reads; 10,169,393 reads/min 
2026-07-29 14:45:11 | Set A: 100,000,000 reads; 10,199,287 reads/min 
2026-07-29 14:45:38 | Set A: 105,000,000 reads; 10,242,369 reads/min 
2026-07-29 14:45:52 | Set A: 107,224,370 reads; 10,221,298 reads/min 
2026-07-29 14:45:53 | Finished Set A in 10.5 minutes 
2026-07-29 14:45:53 | Starting Set B 
2026-07-29 14:45:53 | Building one-substitution diagnostic lookup for 57011 reference guides 
2026-07-29 14:46:00 | One-substitution lookup contains 3,419,933 unique sequences 
2026-07-29 14:46:42 | Set B: 5,000,000 reads; 7,244,728 reads/min 
2026-07-29 14:47:15 | Set B: 10,000,000 reads; 7,998,856 reads/min 
2026-07-29 14:47:42 | Set B: 15,000,000 reads; 8,856,549 reads/min 
2026-07-29 14:57:36 | Set B: 20,000,000 reads; 1,724,720 reads/min 
2026-07-29 14:58:46 | Set B: 25,000,000 reads; 1,959,204 reads/min 
2026-07-29 14:59:17 | Set B: 30,000,000 reads; 2,258,488 reads/min 
2026-07-29 14:59:49 | Set B: 35,000,000 reads; 2,535,973 reads/min 
2026-07-29 15:00:19 | Set B: 40,000,000 reads; 2,795,989 reads/min 
2026-07-29 15:00:44 | Set B: 45,000,000 reads; 3,054,950 reads/min 
2026-07-29 15:01:11 | Set B: 50,000,000 reads; 3,296,410 reads/min 
2026-07-29 15:01:54 | Set B: 55,000,000 reads; 3,461,936 reads/min 
2026-07-29 15:02:22 | Set B: 60,000,000 reads; 3,668,375 reads/min 
2026-07-29 15:02:49 | Set B: 65,000,000 reads; 3,865,827 reads/min 
2026-07-29 15:03:18 | Set B: 70,000,000 reads; 4,046,689 reads/min 
2026-07-29 15:03:46 | Set B: 75,000,000 reads; 4,223,512 reads/min 
2026-07-29 15:04:13 | Set B: 80,000,000 reads; 4,391,813 reads/min 
2026-07-29 15:04:41 | Set B: 85,000,000 reads; 4,550,639 reads/min 
2026-07-29 15:05:08 | Set B: 90,000,000 reads; 4,703,885 reads/min 
2026-07-29 15:05:12 | Set B: 90,677,568 reads; 4,724,439 reads/min 
2026-07-29 15:05:13 | Finished Set B in 19.2 minutes 
2026-07-29 15:05:17 | Analysis complete. Report: /Volumes/Subash/CRISPRi/analysis/results/Dolcetto_library_representation_QC.html 
